FAIL	./... [setup failed]
FAIL
